****************************************
Report : timing
	-path_type full
	-delay_type max
	-input_pins
	-nets
	-max_paths 1
	-transition_time
	-capacitance
	-sort_by slack
Design : motion_estimator
Version: J-2014.12-SP3
Date   : Sun Dec 18 15:37:28 2016
****************************************

Warning: There are 9 invalid end points for constrained paths. (UITE-416)

  Startpoint: u22/count_reg[3]
               (rising edge-triggered flip-flop clocked by clk)
  Endpoint: u1/Accumulate_reg[3]
               (rising edge-triggered flip-flop clocked by clk)
  Last common pin: clk
  Path Group: clk
  Path Type: max

  Point                       Fanout    Cap      Trans       Incr       Path
  -----------------------------------------------------------------------------
  clock clk (rise edge)                           0.00       0.00       0.00
  clock network delay (propagated)                           0.01       0.01
  u22/count_reg[3]/CLK (DFFX1_HVT)                0.00       0.00       0.01 r
  u22/count_reg[3]/QN (DFFX1_HVT)                 0.00       0.13 *     0.14 r
  u22/S1S2mux[8] (net)          11    10.21 
  u22/U91/A2 (NAND2X0_LVT)                        0.00       0.00 *     0.14 r
  u22/U91/Y (NAND2X0_LVT)                         0.00       0.08 *     0.22 f
  u22/S1S2mux[4] (net)           9     7.49 
  U2/A (INVX1_LVT)                                0.00       0.00 *     0.22 f
  U2/Y (INVX1_LVT)                                0.00       0.08 *     0.30 r
  n3 (net)                      11    10.41 
  u22/U108/A1 (NAND2X0_LVT)                       0.00       0.00 *     0.30 r
  u22/U108/Y (NAND2X0_LVT)                        0.00       0.11 *     0.41 f
  u22/S1S2mux[2] (net)           9    10.28 
  U5/A (INVX1_LVT)                                0.00       0.00 *     0.41 f
  U5/Y (INVX1_LVT)                                0.00       0.08 *     0.49 r
  n8 (net)                      10    10.44 
  u22/U109/A1 (NAND2X0_LVT)                       0.00       0.00 *     0.49 r
  u22/U109/Y (NAND2X0_LVT)                        0.00       0.11 *     0.60 f
  u22/S1S2mux[1] (net)           9     8.83 
  U18/A (INVX1_LVT)                               0.00       0.00 *     0.60 f
  U18/Y (INVX1_LVT)                               0.00       0.12 *     0.72 r
  n33 (net)                     10    18.21 
  u1/U36/A4 (AO22X1_LVT)                          0.00       0.00 *     0.72 r
  u1/U36/Y (AO22X1_LVT)                           0.00       0.05 *     0.77 r
  u1/SelS[0] (net)               4     4.71 
  u1/U43/A1 (AND2X1_HVT)                          0.00       0.00 *     0.77 r
  u1/U43/Y (AND2X1_HVT)                           0.00       0.04 *     0.81 r
  u1/n6 (net)                    2     1.81 
  u1/U44/A1 (AND2X1_HVT)                          0.00       0.00 *     0.81 r
  u1/U44/Y (AND2X1_HVT)                           0.00       0.03 *     0.84 r
  u1/n7 (net)                    1     0.65 
  u1/U45/A4 (OA222X1_HVT)                         0.00       0.00 *     0.84 r
  u1/U45/Y (OA222X1_HVT)                          0.00       0.06 *     0.90 r
  u1/n8 (net)                    1     0.71 
  u1/U46/A5 (AO221X1_HVT)                         0.00       0.00 *     0.90 r
  u1/U46/Y (AO221X1_HVT)                          0.00       0.05 *     0.96 r
  u1/n9 (net)                    1     0.74 
  u1/U47/A5 (OA221X1_HVT)                         0.00       0.00 *     0.96 r
  u1/U47/Y (OA221X1_HVT)                          0.00       0.05 *     1.00 r
  u1/n10 (net)                   1     1.04 
  u1/U48/A5 (AO221X1_HVT)                         0.00       0.00 *     1.00 r
  u1/U48/Y (AO221X1_HVT)                          0.00       0.06 *     1.06 r
  u1/n11 (net)                   1     0.98 
  u1/U49/A5 (OA221X1_HVT)                         0.00       0.00 *     1.06 r
  u1/U49/Y (OA221X1_HVT)                          0.00       0.05 *     1.11 r
  u1/n13 (net)                   1     1.00 
  u1/U50/A3 (AO21X1_HVT)                          0.00       0.00 *     1.11 r
  u1/U50/Y (AO21X1_HVT)                           0.00       0.04 *     1.15 r
  u1/n15 (net)                   1     0.83 
  u1/U33/A3 (AOI22X1_LVT)                         0.00       0.00 *     1.15 r
  u1/U33/Y (AOI22X1_LVT)                          0.00       0.06 *     1.21 f
  u1/n4 (net)                    9     7.61 
  u1/U1/A (INVX1_LVT)                             0.00       0.00 *     1.21 f
  u1/U1/Y (INVX1_LVT)                             0.00       0.04 *     1.25 r
  u1/n12 (net)                   8     6.86 
  u1/U40/A4 (AO22X1_LVT)                          0.00       0.00 *     1.25 r
  u1/U40/Y (AO22X1_LVT)                           0.00       0.05 *     1.30 r
  u1/difference[0] (net)         3     4.86 
  u1/add_22/U1/A2 (AND2X1_LVT)                    0.00       0.00 *     1.30 r
  u1/add_22/U1/Y (AND2X1_LVT)                     0.00       0.03 *     1.32 r
  u1/add_22/carry[1] (net)       1     2.10 
  u1/add_22/U1_1/CI (FADDX1_HVT)                  0.00       0.00 *     1.32 r
  u1/add_22/U1_1/CO (FADDX1_HVT)                  0.00       0.07 *     1.39 r
  u1/add_22/carry[2] (net)       1     2.11 
  u1/add_22/U1_2/CI (FADDX1_HVT)                  0.00       0.00 *     1.39 r
  u1/add_22/U1_2/CO (FADDX1_HVT)                  0.00       0.07 *     1.46 r
  u1/add_22/carry[3] (net)       1     1.58 
  u1/add_22/U1_3/CI (FADDX1_HVT)                  0.00       0.00 *     1.46 r
  u1/add_22/U1_3/CO (FADDX1_HVT)                  0.00       0.07 *     1.52 r
  u1/add_22/carry[4] (net)       1     1.81 
  u1/add_22/U1_4/CI (FADDX1_HVT)                  0.00       0.00 *     1.52 r
  u1/add_22/U1_4/CO (FADDX1_HVT)                  0.00       0.07 *     1.59 r
  u1/add_22/carry[5] (net)       1     2.28 
  u1/add_22/U1_5/CI (FADDX1_HVT)                  0.00       0.00 *     1.59 r
  u1/add_22/U1_5/CO (FADDX1_HVT)                  0.00       0.07 *     1.67 r
  u1/add_22/carry[6] (net)       1     2.73 
  u1/add_22/U1_6/CI (FADDX1_HVT)                  0.00       0.00 *     1.67 r
  u1/add_22/U1_6/CO (FADDX1_HVT)                  0.00       0.07 *     1.74 r
  u1/add_22/carry[7] (net)       1     1.95 
  u1/add_22/U1_7/CI (FADDX1_HVT)                  0.00       0.00 *     1.74 r
  u1/add_22/U1_7/CO (FADDX1_HVT)                  0.00       0.06 *     1.80 r
  u1/add_22/SUM[8] (net)         1     0.99 
  u1/U26/A1 (AND2X1_LVT)                          0.00       0.00 *     1.80 r
  u1/U26/Y (AND2X1_LVT)                           0.00       0.04 *     1.84 r
  u1/n26 (net)                   8     6.93 
  u1/U23/A5 (AO221X1_LVT)                         0.00       0.00 *     1.84 r
  u1/U23/Y (AO221X1_LVT)                          0.00       0.05 *     1.89 r
  u1/AccumulateIn[3] (net)       1     1.01 
  u1/Accumulate_reg[3]/D (DFFX1_HVT)              0.00       0.00 *     1.89 r
  data arrival time                                                     1.89

  clock clk (rise edge)                           0.00       3.84       3.84
  clock network delay (propagated)                           0.01       3.85
  clock reconvergence pessimism                              0.00       3.85
  u1/Accumulate_reg[3]/CLK (DFFX1_HVT)                                  3.85 r
  library setup time                                        -0.04 *     3.81
  data required time                                                    3.81
  -----------------------------------------------------------------------------
  data required time                                                    3.81
  data arrival time                                                    -1.89
  -----------------------------------------------------------------------------
  slack (MET)                                                           1.92


1
